Warning: Cannot symlink from /root/test/ws_moveit/devel/.private/moveit_tutorials/lib/libmoveit_lerp_planner_plugin.so to existing file /root/test/ws_moveit/devel/lib/libmoveit_lerp_planner_plugin.so
Warning: Source hash: d99b6f36c78491318e2d295e08471dbe
Warning: Dest hash: d407d9ddd563179796ade9e0f583f1da
Warning: Cannot symlink from /root/test/ws_moveit/devel/.private/moveit_tutorials/lib/libinteractivity_utils.so to existing file /root/test/ws_moveit/devel/lib/libinteractivity_utils.so
Warning: Source hash: 6ab97a94f27edf8d5c24dfe131c895c6
Warning: Dest hash: 4f4ea21abb2daf31cdb6b1da751f1aa9
Warning: Cannot symlink from /root/test/ws_moveit/devel/.private/moveit_tutorials/lib/libmoveit_lerp_planner_plugin.so.0.1.0 to existing file /root/test/ws_moveit/devel/lib/libmoveit_lerp_planner_plugin.so.0.1.0
Warning: Source hash: d99b6f36c78491318e2d295e08471dbe
Warning: Dest hash: d407d9ddd563179796ade9e0f583f1da
Warning: Cannot symlink from /root/test/ws_moveit/devel/.private/moveit_tutorials/lib/libcontroller_manager_example.so to existing file /root/test/ws_moveit/devel/lib/libcontroller_manager_example.so
Warning: Source hash: 29c960b34e4d4af1eda52ad314114bed
Warning: Dest hash: fdc65f2537a2a2877f7594e91335a998
Warning: Cannot symlink from /root/test/ws_moveit/devel/.private/moveit_tutorials/lib/moveit_tutorials/bullet_collision_checker_tutorial to existing file /root/test/ws_moveit/devel/lib/moveit_tutorials/bullet_collision_checker_tutorial
Warning: Source hash: 56c1584e00fc6bb602307ca67b25feb6
Warning: Dest hash: 3cac730ea002f60c8834d151efd3be9a
Warning: Cannot symlink from /root/test/ws_moveit/devel/.private/moveit_tutorials/lib/moveit_tutorials/visualizing_collisions_tutorial to existing file /root/test/ws_moveit/devel/lib/moveit_tutorials/visualizing_collisions_tutorial
Warning: Source hash: 27fad8d4f54f679961bc4c52d2d53b95
Warning: Dest hash: 459df760afc812d14c5699776fad01b7
Warning: Cannot symlink from /root/test/ws_moveit/devel/.private/moveit_tutorials/lib/moveit_tutorials/detect_and_add_cylinder_collision_object_demo to existing file /root/test/ws_moveit/devel/lib/moveit_tutorials/detect_and_add_cylinder_collision_object_demo
Warning: Source hash: 30ac0fb0f0858a5849ac86b5727a5b28
Warning: Dest hash: 530ec69ff6a33577bc7dcceb1209a009
Warning: Cannot symlink from /root/test/ws_moveit/devel/.private/moveit_tutorials/lib/moveit_tutorials/bag_publisher_maintain_time to existing file /root/test/ws_moveit/devel/lib/moveit_tutorials/bag_publisher_maintain_time
Warning: Source hash: 0a5fc0f919d502d2307039fbd49da883
Warning: Dest hash: 9b41dc09a4fb9b3441a0e2324eaf095f
Warning: Cannot symlink from /root/test/ws_moveit/devel/.private/moveit_tutorials/lib/moveit_tutorials/motion_planning_pipeline_tutorial to existing file /root/test/ws_moveit/devel/lib/moveit_tutorials/motion_planning_pipeline_tutorial
Warning: Source hash: 09999557e6a57565b6800d54eacc377e
Warning: Dest hash: e7e8d1461207d16b71bd11ea26c94959
Warning: Cannot symlink from /root/test/ws_moveit/devel/.private/moveit_tutorials/lib/moveit_tutorials/robot_model_and_robot_state_tutorial to existing file /root/test/ws_moveit/devel/lib/moveit_tutorials/robot_model_and_robot_state_tutorial
Warning: Source hash: 2e68dd0d6bfff5ead9581521e643b13e
Warning: Dest hash: 2289b9adecea8b823f73f353b9fbdb7e
Warning: Cannot symlink from /root/test/ws_moveit/devel/.private/moveit_tutorials/lib/moveit_tutorials/motion_planning_api_tutorial to existing file /root/test/ws_moveit/devel/lib/moveit_tutorials/motion_planning_api_tutorial
Warning: Source hash: 57c25a71be4ae2fc6e42aa2b6da6a9f1
Warning: Dest hash: 7802c92b1d681284cfd4e50737a90e7f
Warning: Cannot symlink from /root/test/ws_moveit/devel/.private/moveit_tutorials/lib/moveit_tutorials/subframes_tutorial to existing file /root/test/ws_moveit/devel/lib/moveit_tutorials/subframes_tutorial
Warning: Source hash: fb789ecefdac20e5e2328f5a74a68128
Warning: Dest hash: dc4b3b3421dff74e5a2e2aa705091ede
Warning: Cannot symlink from /root/test/ws_moveit/devel/.private/moveit_tutorials/lib/moveit_tutorials/move_group_python_interface_tutorial.py to existing file /root/test/ws_moveit/devel/lib/moveit_tutorials/move_group_python_interface_tutorial.py
Warning: Source hash: 43170dba2610920d51424fa55922f279
Warning: Dest hash: e7722cff41f42615183eb34927a91ba2
Warning: Cannot symlink from /root/test/ws_moveit/devel/.private/moveit_tutorials/lib/moveit_tutorials/state_display_tutorial to existing file /root/test/ws_moveit/devel/lib/moveit_tutorials/state_display_tutorial
Warning: Source hash: 3d5239a6f5b73f43897159ba91f071c1
Warning: Dest hash: 6898ab12e8505285aa5b18de90d322fc
Warning: Cannot symlink from /root/test/ws_moveit/devel/.private/moveit_tutorials/lib/moveit_tutorials/lerp_example to existing file /root/test/ws_moveit/devel/lib/moveit_tutorials/lerp_example
Warning: Source hash: 165666c485ada6c0e69c7c5240f5b4c0
Warning: Dest hash: 9c4ad771282013332acbd1edd8d189f6
Warning: Cannot symlink from /root/test/ws_moveit/devel/.private/moveit_tutorials/lib/moveit_tutorials/ros_api_tutorial to existing file /root/test/ws_moveit/devel/lib/moveit_tutorials/ros_api_tutorial
Warning: Source hash: 79ac6417132fab6e4e88db308e47c600
Warning: Dest hash: 7c4797a28251c0b01993b8bcd2bf5d26
Warning: Cannot symlink from /root/test/ws_moveit/devel/.private/moveit_tutorials/lib/moveit_tutorials/move_group_interface_tutorial to existing file /root/test/ws_moveit/devel/lib/moveit_tutorials/move_group_interface_tutorial
Warning: Source hash: 985be49b37f1d74089bc8e21bda3a792
Warning: Dest hash: e44e1f7897f98acc6dc2e169f5926e03
Warning: Cannot symlink from /root/test/ws_moveit/devel/.private/moveit_tutorials/lib/moveit_tutorials/trajopt_example to existing file /root/test/ws_moveit/devel/lib/moveit_tutorials/trajopt_example
Warning: Source hash: 3733840af83e41a69da2eedc18653520
Warning: Dest hash: 65b3d3d3472ee7f17387055bda8c5ceb
Warning: Cannot symlink from /root/test/ws_moveit/devel/.private/moveit_tutorials/lib/moveit_tutorials/collision_scene_example.py to existing file /root/test/ws_moveit/devel/lib/moveit_tutorials/collision_scene_example.py
Warning: Source hash: 25caf0f60409ee56407a3ac874764551
Warning: Dest hash: 68e6a6fd917d46a695ad5a922e4dc23e
Warning: Cannot symlink from /root/test/ws_moveit/devel/.private/moveit_tutorials/lib/moveit_tutorials/planning_scene_tutorial to existing file /root/test/ws_moveit/devel/lib/moveit_tutorials/planning_scene_tutorial
Warning: Source hash: a54cd175ea2aa794bdd2bd5e09309c16
Warning: Dest hash: 055cb78e99c3def14d74441d1a6955e6
Warning: Cannot symlink from /root/test/ws_moveit/devel/.private/moveit_tutorials/lib/moveit_tutorials/moveit_cpp_tutorial to existing file /root/test/ws_moveit/devel/lib/moveit_tutorials/moveit_cpp_tutorial
Warning: Source hash: 40038ae1d285f1d85ad9034f6b796511
Warning: Dest hash: 586c3edac74b199826f6cdae66e270e2
Warning: Cannot symlink from /root/test/ws_moveit/devel/.private/moveit_tutorials/lib/moveit_tutorials/planning_scene_ros_api_tutorial to existing file /root/test/ws_moveit/devel/lib/moveit_tutorials/planning_scene_ros_api_tutorial
Warning: Source hash: 231b45316464d0caf75411071fe0f61d
Warning: Dest hash: 3d61735589c618631c37fc02849e1a02
Warning: Cannot symlink from /root/test/ws_moveit/devel/.private/moveit_tutorials/lib/pkgconfig/moveit_tutorials.pc to existing file /root/test/ws_moveit/devel/lib/pkgconfig/moveit_tutorials.pc
Warning: Source hash: 9ff66822c5d1ee5cd08579a62c7d580c
Warning: Dest hash: 48cbb7cfb86a05d951e6f29bd315bd4f
Warning: Cannot symlink from /root/test/ws_moveit/devel/.private/moveit_tutorials/share/moveit_tutorials/cmake/moveit_tutorialsConfig.cmake to existing file /root/test/ws_moveit/devel/share/moveit_tutorials/cmake/moveit_tutorialsConfig.cmake
Warning: Source hash: 7fb6c437d287d96169b47d2da65ed90d
Warning: Dest hash: 78a65a05d7fdef48c2e1ea527c2d3ae4
